I'm sorry, but errors were detected in your script. Please correct the
errors listed below, and try again.


File "game/script.rpy", line 177: expected 'image_name_component' not found.
    show "lydia putih senyum.png":
         ^

Ren'Py Version: Ren'Py 8.0.3.22090809
Fri Dec  9 14:41:00 2022
